L 1 "Library\NUC1xx\Source\TIMER.c"
N/*---------------------------------------------------------------------------------------------------------*/
N/*                                                                                                         */
N/* Copyright(c) 2009 Nuvoton Technology Corp. All rights reserved.                                         */
N/*                                                                                                         */
N/*---------------------------------------------------------------------------------------------------------*/
N 
N/*---------------------------------------------------------------------------------------------------------*/
N/* Includes of system headers                                                                              */
N/*---------------------------------------------------------------------------------------------------------*/
N
N/*---------------------------------------------------------------------------------------------------------*/
N/* Includes of local headers                                                                               */
N/*---------------------------------------------------------------------------------------------------------*/
C "Library\NUC1xx\Source\TIMER.c" 14 17 cannot open source input file "SYS.h": No such file or directory
N#include "SYS.h"
